// Jest Snapshot v1, https://goo.gl/fbAQLP

exports[`renders the starter Board 1`] = `
<DocumentFragment>
  <table
    class="Board"
  >
    <tbody>
      <tr>
        <td
          class="Cell "
        />
        <td
          class="Cell Cell-lit"
        />
        <td
          class="Cell "
        />
      </tr>
      <tr>
        <td
          class="Cell Cell-lit"
        />
        <td
          class="Cell Cell-lit"
        />
        <td
          class="Cell "
        />
      </tr>
      <tr>
        <td
          class="Cell Cell-lit"
        />
        <td
          class="Cell Cell-lit"
        />
        <td
          class="Cell Cell-lit"
        />
      </tr>
    </tbody>
  </table>
</DocumentFragment>
`;
